tile 0 "monster, ant or other insect, giant ant"
tile 1 "monster, ant or other insect, giant tick"
tile 2 "monster, ant or other insect, killer bee"
tile 3 "monster, ant or other insect, giant flea"
tile 4 "monster, ant or other insect, soldier ant"
tile 5 "monster, ant or other insect, fire ant"
tile 6 "monster, ant or other insect, snow ant"
tile 7 "monster, ant or other insect, giant beetle"
tile 8 "monster, ant or other insect, giant louse"
tile 9 "monster, ant or other insect, tsetse fly"
tile 10 "monster, ant or other insect, migo drone"
tile 11 "monster, ant or other insect, queen bee"
tile 12 "monster, ant or other insect, yellow jacket"
tile 13 "monster, ant or other insect, black wasp"
tile 14 "monster, ant or other insect, migo warrior"
tile 15 "monster, ant or other insect, giant wasp"
tile 16 "monster, ant or other insect, spitting beetle"
tile 17 "monster, ant or other insect, migo queen"
tile 18 "monster, ant or other insect, assassin bug"
tile 19 "monster, ant or other insect, killer beetle"
tile 20 "monster, blob, acid blob"
tile 21 "monster, blob, quivering blob"
tile 22 "monster, blob, gelatinous cube"
tile 23 "monster, blob, jiggling blob"
tile 24 "monster, blob, lava blob"
tile 25 "monster, blob, static blob"
tile 26 "monster, blob, burbling blob"
tile 27 "monster, cockatrice, chicken"
tile 28 "monster, cockatrice, cockatoo"
tile 29 "monster, cockatrice, chickatrice"
tile 30 "monster, cockatrice, cockatrice"
tile 31 "monster, cockatrice, pyrolisk"
tile 32 "monster, cockatrice, parrot"
tile 33 "monster, dog or other canine, jackal"
tile 34 "monster, dog or other canine, fox"
tile 35 "monster, dog or other canine, coyote"
tile 36 "monster, dog or other canine, werejackal"
tile 37 "monster, dog or other canine, little dog"
tile 38 "monster, dog or other canine, dog"
tile 39 "monster, dog or other canine, large dog"
tile 40 "monster, dog or other canine, pit bull"
tile 41 "monster, dog or other canine, dingo puppy"
tile 42 "monster, dog or other canine, dingo"
tile 43 "monster, dog or other canine, large dingo"
tile 44 "monster, dog or other canine, wolf"
tile 45 "monster, dog or other canine, death dog"
tile 46 "monster, dog or other canine, rabid wolf"
tile 47 "monster, dog or other canine, werewolf"
tile 48 "monster, dog or other canine, warg"
tile 49 "monster, dog or other canine, winter wolf cub"
tile 50 "monster, dog or other canine, winter wolf"
tile 51 "monster, dog or other canine, hell hound pup"
tile 52 "monster, dog or other canine, wolverine"
tile 53 "monster, dog or other canine, shadow wolf"
tile 54 "monster, dog or other canine, mist wolf"
tile 55 "monster, dog or other canine, hell hound"
tile 56 "monster, dog or other canine, Cerberus"
tile 57 "monster, eye or sphere, gas spore"
tile 58 "monster, eye or sphere, floating eye"
tile 59 "monster, eye or sphere, glowing eye"
tile 60 "monster, eye or sphere, freezing sphere"
tile 61 "monster, eye or sphere, flaming sphere"
tile 62 "monster, eye or sphere, shocking sphere"
tile 63 "monster, eye or sphere, bloodshot eye"
tile 64 "monster, eye or sphere, blinking eye"
tile 65 "monster, cat or other feline, kitten"
tile 66 "monster, cat or other feline, housecat"
tile 67 "monster, cat or other feline, jaguar"
tile 68 "monster, cat or other feline, lynx"
tile 69 "monster, cat or other feline, panther"
tile 70 "monster, cat or other feline, werepanther"
tile 71 "monster, cat or other feline, large cat"
tile 72 "monster, cat or other feline, kamadan"
tile 73 "monster, cat or other feline, displacer beast"
tile 74 "monster, cat or other feline, caterwaul"
tile 75 "monster, cat or other feline, tiger"
tile 76 "monster, cat or other feline, weretiger"
tile 77 "monster, cat or other feline, sabre-toothed cat"
tile 78 "monster, cat or other feline, hellcat"
tile 79 "monster, gremlin, gremlin"
tile 80 "monster, gremlin, gargoyle"
tile 81 "monster, gremlin, winged gargoyle"
tile 82 "monster, gremlin, statue gargoyle"
tile 83 "monster, humanoid, hobbit"
tile 84 "monster, humanoid, dwarf"
tile 85 "monster, humanoid, dwarf thief"
tile 86 "monster, humanoid, bugbear"
tile 87 "monster, humanoid, dwarf lord"
tile 88 "monster, humanoid, dwarf king"
tile 89 "monster, humanoid, duergar"
tile 90 "monster, humanoid, deep one"
tile 91 "monster, humanoid, mind flayer"
tile 92 "monster, humanoid, master mind flayer"
tile 93 "monster, humanoid, deeper one"
tile 94 "monster, humanoid, deepest one"
tile 95 "monster, imp or minor demon, manes"
tile 96 "monster, imp or minor demon, homunculus"
tile 97 "monster, imp or minor demon, dretch"
tile 98 "monster, imp or minor demon, imp"
tile 99 "monster, imp or minor demon, lemure"
tile 100 "monster, imp or minor demon, quasit"
tile 101 "monster, imp or minor demon, rutterkin"
tile 102 "monster, imp or minor demon, tengu"
tile 103 "monster, imp or minor demon, nupperibo"
tile 104 "monster, imp or minor demon, blood imp"
tile 105 "monster, jelly, blue jelly"
tile 106 "monster, jelly, spotted jelly"
tile 107 "monster, jelly, clear jelly"
tile 108 "monster, jelly, ochre jelly"
tile 109 "monster, jelly, yellow jelly"
tile 110 "monster, jelly, orange jelly"
tile 111 "monster, jelly, rancid jelly"
tile 112 "monster, kobold, kobold"
tile 113 "monster, kobold, large kobold"
tile 114 "monster, kobold, kobold lord"
tile 115 "monster, kobold, kobold shaman"
tile 116 "monster, kobold, swamp kobold"
tile 117 "monster, kobold, rock kobold"
tile 118 "monster, kobold, kobold warrior"
tile 119 "monster, kobold, Kroo the Kobold King"
tile 120 "monster, leprechaun, leprechaun"
tile 121 "monster, leprechaun, leprechaun wizard"
tile 122 "monster, mimic, small mimic"
tile 123 "monster, mimic, large mimic"
tile 124 "monster, mimic, giant mimic"
tile 125 "monster, nymph, wood nymph"
tile 126 "monster, nymph, water nymph"
tile 127 "monster, nymph, mountain nymph"
tile 128 "monster, nymph, pixie"
tile 129 "monster, nymph, brownie"
tile 130 "monster, nymph, quickling"
tile 131 "monster, nymph, Aphrodite"
tile 132 "monster, orc, goblin"
tile 133 "monster, orc, hobgoblin"
tile 134 "monster, orc, orc"
tile 135 "monster, orc, hill orc"
tile 136 "monster, orc, Mordor orc"
tile 137 "monster, orc, Uruk-hai"
tile 138 "monster, orc, orc shaman"
tile 139 "monster, orc, orc-captain"
tile 140 "monster, orc, war orc"
tile 141 "monster, orc, great orc"
tile 142 "monster, orc, Grund the Orc King"
tile 143 "monster, orc, snow orc"
tile 144 "monster, orc, demon orc"
tile 145 "monster, piercer, rock piercer"
tile 146 "monster, piercer, iron piercer"
tile 147 "monster, piercer, glass piercer"
tile 148 "monster, quadruped, lamb"
tile 149 "monster, quadruped, rothe"
tile 150 "monster, quadruped, giant badger"
tile 151 "monster, quadruped, scramper"
tile 152 "monster, quadruped, sheep"
tile 153 "monster, quadruped, goat"
tile 154 "monster, quadruped, squealer"
tile 155 "monster, quadruped, mumak"
tile 156 "monster, quadruped, leocrotta"
tile 157 "monster, quadruped, cow"
tile 158 "monster, quadruped, mangler"
tile 159 "monster, quadruped, wumpus"
tile 160 "monster, quadruped, bull"
tile 161 "monster, quadruped, titanothere"
tile 162 "monster, quadruped, baluchitherium"
tile 163 "monster, quadruped, mastodon"
tile 164 "monster, quadruped, Jumbo the Elephant"
tile 165 "monster, quadruped, juggernaut"
tile 166 "monster, quadruped, catoblepas"
tile 167 "monster, rodent, sewer rat"
tile 168 "monster, rodent, rabbit"
tile 169 "monster, rodent, black rat"
tile 170 "monster, rodent, giant rat"
tile 171 "monster, rodent, rabid rat"
tile 172 "monster, rodent, rabid rabbit"
tile 173 "monster, rodent, pack rat"
tile 174 "monster, rodent, wererat"
tile 175 "monster, rodent, rock mole"
tile 176 "monster, rodent, woodchuck"
tile 177 "monster, rodent, hellrat"
tile 178 "monster, rodent, the Rat King"
tile 179 "monster, spider, cave spider"
tile 180 "monster, spider, centipede"
tile 181 "monster, spider, recluse spider"
tile 182 "monster, spider, giant spider"
tile 183 "monster, spider, barking spider"
tile 184 "monster, spider, scorpion"
tile 185 "monster, spider, carrion crawler"
tile 186 "monster, spider, nickelpede"
tile 187 "monster, spider, giant scorpion"
tile 188 "monster, spider, Girtab"
tile 189 "monster, spider, Shelob"
tile 190 "monster, spider, phase spider"
tile 191 "monster, spider, werespider"
tile 192 "monster, trapper or lurker above, lurker above"
tile 193 "monster, trapper or lurker above, trapper"
tile 194 "monster, unicorn or horse, white unicorn"
tile 195 "monster, unicorn or horse, gray unicorn"
tile 196 "monster, unicorn or horse, black unicorn"
tile 197 "monster, unicorn or horse, pony"
tile 198 "monster, unicorn or horse, horse"
tile 199 "monster, unicorn or horse, warhorse"
tile 200 "monster, unicorn or horse, Pegasus"
tile 201 "monster, vortex, fog cloud"
tile 202 "monster, vortex, dust vortex"
tile 203 "monster, vortex, ice vortex"
tile 204 "monster, vortex, energy vortex"
tile 205 "monster, vortex, steam vortex"
tile 206 "monster, vortex, fire vortex"
tile 207 "monster, worm, larva"
tile 208 "monster, worm, maggot"
tile 209 "monster, worm, dung worm"
tile 210 "monster, worm, acid worm"
tile 211 "monster, worm, bloodworm"
tile 212 "monster, worm, tunnel worm"
tile 213 "monster, worm, baby long worm"
tile 214 "monster, worm, baby purple worm"
tile 215 "monster, worm, long worm"
tile 216 "monster, worm, purple worm"
tile 217 "monster, worm, rot worm"
tile 218 "monster, xan or other mythical\/fantastic insect, grid bug"
tile 219 "monster, xan or other mythical\/fantastic insect, spark bug"
tile 220 "monster, xan or other mythical\/fantastic insect, arc bug"
tile 221 "monster, xan or other mythical\/fantastic insect, lightning bug"
tile 222 "monster, xan or other mythical\/fantastic insect, xan"
tile 223 "monster, light, yellow light"
tile 224 "monster, light, black light"
tile 225 "monster, yeti\, ape or other large beast, zruty"
tile 226 "monster, Zouthern animal, echidna"
tile 227 "monster, Zouthern animal, platypus"
tile 228 "monster, Zouthern animal, koala"
tile 229 "monster, Zouthern animal, wombat"
tile 230 "monster, Zouthern animal, Tasmanian devil"
tile 231 "monster, Zouthern animal, wallaby"
tile 232 "monster, Zouthern animal, wallaroo"
tile 233 "monster, Zouthern animal, kangaroo"
tile 234 "monster, angelic being, couatl"
tile 235 "monster, angelic being, Aleax"
tile 236 "monster, angelic being, movanic deva"
tile 237 "monster, angelic being, monadic deva"
tile 238 "monster, angelic being, astral deva"
tile 239 "monster, angelic being, Angel"
tile 240 "monster, angelic being, ki-rin"
tile 241 "monster, angelic being, Archon"
tile 242 "monster, angelic being, Planetar"
tile 243 "monster, angelic being, Solar"
tile 244 "monster, bat or bird, bat"
tile 245 "monster, bat or bird, giant bat"
tile 246 "monster, bat or bird, rhumbat"
tile 247 "monster, bat or bird, athol"
tile 248 "monster, bat or bird, raven"
tile 249 "monster, bat or bird, vampire bat"
tile 250 "monster, bat or bird, hellbat"
tile 251 "monster, bat or bird, mongbat"
tile 252 "monster, bat or bird, mobat"
tile 253 "monster, bat or bird, harpy"
tile 254 "monster, bat or bird, byakhee"
tile 255 "monster, bat or bird, nightgaunt"
tile 256 "monster, centaur, plains centaur"
tile 257 "monster, centaur, forest centaur"
tile 258 "monster, centaur, mountain centaur"
tile 259 "monster, dragon, baby gray dragon"
tile 260 "monster, dragon, baby silver dragon"
tile 261 "monster, dragon, baby shimmering dragon"
tile 262 "monster, dragon, baby deep dragon"
tile 263 "monster, dragon, baby red dragon"
tile 264 "monster, dragon, baby white dragon"
tile 265 "monster, dragon, baby orange dragon"
tile 266 "monster, dragon, baby black dragon"
tile 267 "monster, dragon, baby blue dragon"
tile 268 "monster, dragon, baby green dragon"
tile 269 "monster, dragon, baby yellow dragon"
tile 270 "monster, dragon, gray dragon"
tile 271 "monster, dragon, silver dragon"
tile 272 "monster, dragon, shimmering dragon"
tile 273 "monster, dragon, deep dragon"
tile 274 "monster, dragon, red dragon"
tile 275 "monster, dragon, white dragon"
tile 276 "monster, dragon, orange dragon"
tile 277 "monster, dragon, black dragon"
tile 278 "monster, dragon, blue dragon"
tile 279 "monster, dragon, green dragon"
tile 280 "monster, dragon, yellow dragon"
tile 281 "monster, dragon, wyvern"
tile 282 "monster, dragon, hydra"
tile 283 "monster, elemental, stalker"
tile 284 "monster, elemental, air elemental"
tile 285 "monster, elemental, fire elemental"
tile 286 "monster, elemental, earth elemental"
tile 287 "monster, elemental, water elemental"
tile 288 "monster, fungus or mold, lichen"
tile 289 "monster, fungus or mold, brown mold"
tile 290 "monster, fungus or mold, yellow mold"
tile 291 "monster, fungus or mold, green mold"
tile 292 "monster, fungus or mold, red mold"
tile 293 "monster, fungus or mold, shrieker"
tile 294 "monster, fungus or mold, violet fungus"
tile 295 "monster, fungus or mold, disgusting mold"
tile 296 "monster, fungus or mold, black mold"
tile 297 "monster, gnome, gnome"
tile 298 "monster, gnome, gnome thief"
tile 299 "monster, gnome, gnome lord"
tile 300 "monster, gnome, gnomish wizard"
tile 301 "monster, gnome, deep gnome"
tile 302 "monster, gnome, gnome warrior"
tile 303 "monster, gnome, Ruggo the Gnome King"
tile 304 "monster, gnome, gnome king"
tile 305 "monster, gnome, gnoll"
tile 306 "monster, gnome, gnoll warrior"
tile 307 "monster, gnome, gnoll chieftain"
tile 308 "monster, gnome, gnoll shaman"
tile 309 "monster, giant humanoid, giant"
tile 310 "monster, giant humanoid, stone giant"
tile 311 "monster, giant humanoid, hill giant"
tile 312 "monster, giant humanoid, fire giant"
tile 313 "monster, giant humanoid, frost giant"
tile 314 "monster, giant humanoid, ettin"
tile 315 "monster, giant humanoid, titan"
tile 316 "monster, giant humanoid, storm giant"
tile 317 "monster, giant humanoid, minotaur"
tile 318 "monster, giant humanoid, the Largest Giant"
tile 319 "monster, giant humanoid, Father Dagon"
tile 320 "monster, giant humanoid, Mother Hydra"
tile 321 "monster, jabberwock, jabberwock"
tile 322 "monster, jabberwock, vorpal jabberwock"
tile 323 "monster, Keystone Kop, Keystone Kop"
tile 324 "monster, Keystone Kop, Kop Sergeant"
tile 325 "monster, Keystone Kop, Kop Lieutenant"
tile 326 "monster, Keystone Kop, Kop Kaptain"
tile 327 "monster, lich, lich"
tile 328 "monster, lich, demilich"
tile 329 "monster, lich, master lich"
tile 330 "monster, lich, arch-lich"
tile 331 "monster, mummy, kobold mummy"
tile 332 "monster, mummy, gnome mummy"
tile 333 "monster, mummy, orc mummy"
tile 334 "monster, mummy, dwarf mummy"
tile 335 "monster, mummy, elf mummy"
tile 336 "monster, mummy, human mummy"
tile 337 "monster, mummy, ettin mummy"
tile 338 "monster, mummy, giant mummy"
tile 339 "monster, mummy, troll mummy"
tile 340 "monster, naga, red naga hatchling"
tile 341 "monster, naga, black naga hatchling"
tile 342 "monster, naga, golden naga hatchling"
tile 343 "monster, naga, guardian naga hatchling"
tile 344 "monster, naga, red naga"
tile 345 "monster, naga, black naga"
tile 346 "monster, naga, golden naga"
tile 347 "monster, naga, guardian naga"
tile 348 "monster, ogre, ogre"
tile 349 "monster, ogre, ogre lord"
tile 350 "monster, ogre, ogre mage"
tile 351 "monster, ogre, ogre king"
tile 352 "monster, ogre, shadow ogre"
tile 353 "monster, pudding or ooze, gray ooze"
tile 354 "monster, pudding or ooze, brown pudding"
tile 355 "monster, pudding or ooze, moldy pudding"
tile 356 "monster, pudding or ooze, black pudding"
tile 357 "monster, pudding or ooze, green slime"
tile 358 "monster, pudding or ooze, shoggoth"
tile 359 "monster, pudding or ooze, giant shoggoth"
tile 360 "monster, quantum mechanic or other scientist, quantum mechanic"
tile 361 "monster, quantum mechanic or other scientist, genetic engineer"
tile 362 "monster, quantum mechanic or other scientist, Doctor Frankenstein"
tile 363 "monster, rust monster or disenchanter, rust monster"
tile 364 "monster, rust monster or disenchanter, disenchanter"
tile 365 "monster, snake, garter snake"
tile 366 "monster, snake, snake"
tile 367 "monster, snake, water moccasin"
tile 368 "monster, snake, pit viper"
tile 369 "monster, snake, python"
tile 370 "monster, snake, cobra"
tile 371 "monster, snake, king cobra"
tile 372 "monster, snake, weresnake"
tile 373 "monster, snake, asphynx"
tile 374 "monster, troll, troll"
tile 375 "monster, troll, ice troll"
tile 376 "monster, troll, rock troll"
tile 377 "monster, troll, two-headed troll"
tile 378 "monster, troll, water troll"
tile 379 "monster, troll, Olog-hai"
tile 380 "monster, troll, black troll"
tile 381 "monster, umber hulk, umber hulk"
tile 382 "monster, umber hulk, water hulk"
tile 383 "monster, vampire, vampire"
tile 384 "monster, vampire, vampire lord"
tile 385 "monster, vampire, fire vampire"
tile 386 "monster, vampire, star vampire"
tile 387 "monster, vampire, vampire mage"
tile 388 "monster, vampire, Vlad the Impaler"
tile 389 "monster, wraith, barrow wight"
tile 390 "monster, wraith, wight"
tile 391 "monster, wraith, wraith"
tile 392 "monster, wraith, Nazgul"
tile 393 "monster, xorn, xorn"
tile 394 "monster, yeti\, ape or other large beast, monkey"
tile 395 "monster, yeti\, ape or other large beast, ape"
tile 396 "monster, yeti\, ape or other large beast, owlbear"
tile 397 "monster, yeti\, ape or other large beast, yeti"
tile 398 "monster, yeti\, ape or other large beast, carnivorous ape"
tile 399 "monster, yeti\, ape or other large beast, sasquatch"
tile 400 "monster, yeti\, ape or other large beast, zruty"
tile 401 "monster, zombie, kobold zombie"
tile 402 "monster, zombie, gnome zombie"
tile 403 "monster, zombie, orc zombie"
tile 404 "monster, zombie, dwarf zombie"
tile 405 "monster, zombie, elf zombie"
tile 406 "monster, zombie, human zombie"
tile 407 "monster, zombie, ghoul"
tile 408 "monster, zombie, ghoul mage"
tile 409 "monster, zombie, ettin zombie"
tile 410 "monster, zombie, ghast"
tile 411 "monster, zombie, giant zombie"
tile 412 "monster, zombie, skeleton"
tile 413 "monster, zombie, ghoul queen"
tile 414 "monster, zombie, gug"
tile 415 "monster, golem, straw golem"
tile 416 "monster, golem, paper golem"
tile 417 "monster, golem, wax golem"
tile 418 "monster, golem, plastic golem"
tile 419 "monster, golem, rope golem"
tile 420 "monster, golem, gold golem"
tile 421 "monster, golem, leather golem"
tile 422 "monster, golem, wood golem"
tile 423 "monster, golem, flesh golem"
tile 424 "monster, golem, clay golem"
tile 425 "monster, golem, stone golem"
tile 426 "monster, golem, glass golem"
tile 427 "monster, golem, iron golem"
tile 428 "monster, golem, Frankenstein's Monster"
tile 429 "monster, golem, ruby golem"
tile 430 "monster, golem, diamond golem"
tile 431 "monster, golem, sapphire golem"
tile 432 "monster, golem, steel golem"
tile 433 "monster, golem, crystal golem"
tile 434 "monster, human or elf, human"
tile 435 "monster, human or elf, wererat"
tile 436 "monster, human or elf, werejackal"
tile 437 "monster, human or elf, werewolf"
tile 438 "monster, human or elf, werepanther"
tile 439 "monster, human or elf, weretiger"
tile 440 "monster, human or elf, weresnake"
tile 441 "monster, human or elf, werespider"
tile 442 "monster, human or elf, gibberling"
tile 443 "monster, human or elf, grimlock"
tile 444 "monster, human or elf, elf"
tile 445 "monster, human or elf, Woodland-elf"
tile 446 "monster, human or elf, Green-elf"
tile 447 "monster, human or elf, Grey-elf"
tile 448 "monster, human or elf, High-elf"
tile 449 "monster, human or elf, elf-lord"
tile 450 "monster, human or elf, drow"
tile 451 "monster, human or elf, Elvenking"
tile 452 "monster, human or elf, doppelganger"
tile 453 "monster, human or elf, mugger"
tile 454 "monster, human or elf, nurse"
tile 455 "monster, human or elf, gypsy"
tile 456 "monster, human or elf, shopkeeper"
tile 457 "monster, human or elf, black marketeer"
tile 458 "monster, human or elf, guard"
tile 459 "monster, human or elf, prisoner"
tile 460 "monster, human or elf, Oracle"
tile 461 "monster, human or elf, aligned priest"
tile 462 "monster, human or elf, high priest"
tile 463 "monster, human or elf, soldier"
tile 464 "monster, human or elf, sergeant"
tile 465 "monster, human or elf, lieutenant"
tile 466 "monster, human or elf, captain"
tile 467 "monster, human or elf, watchman"
tile 468 "monster, human or elf, watch captain"
tile 469 "monster, human or elf, Medusa"
tile 470 "monster, human or elf, Wizard of Yendor"
tile 471 "monster, human or elf, Croesus"
tile 472 "monster, human or elf, Charon"
tile 473 "monster, ghost, shadow"
tile 474 "monster, ghost, ghost"
tile 475 "monster, ghost, shade"
tile 476 "monster, major demon, water demon"
tile 477 "monster, major demon, horned devil"
tile 478 "monster, major demon, spined devil"
tile 479 "monster, major demon, bearded devil"
tile 480 "monster, major demon, succubus"
tile 481 "monster, major demon, incubus"
tile 482 "monster, major demon, erinys"
tile 483 "monster, major demon, barbed devil"
tile 484 "monster, major demon, marilith"
tile 485 "monster, major demon, bar-lgura"
tile 486 "monster, major demon, chasme"
tile 487 "monster, major demon, vrock"
tile 488 "monster, major demon, babau"
tile 489 "monster, major demon, hezrou"
tile 490 "monster, major demon, bone devil"
tile 491 "monster, major demon, ice devil"
tile 492 "monster, major demon, nalfeshnee"
tile 493 "monster, major demon, nabassu"
tile 494 "monster, major demon, pit fiend"
tile 495 "monster, major demon, balrog"
tile 496 "monster, major demon, Juiblex"
tile 497 "monster, major demon, Yeenoghu"
tile 498 "monster, major demon, Orcus"
tile 499 "monster, major demon, Geryon"
tile 500 "monster, major demon, Dispater"
tile 501 "monster, major demon, Baalzebub"
tile 502 "monster, major demon, Asmodeus"
tile 503 "monster, major demon, Demogorgon"
tile 504 "monster, major demon, Cthulhu"
tile 505 "monster, major demon, Death"
tile 506 "monster, major demon, Pestilence"
tile 507 "monster, major demon, Famine"
tile 508 "monster, major demon, mail daemon"
tile 509 "monster, major demon, djinni"
tile 510 "monster, major demon, efreeti"
tile 511 "monster, major demon, dao"
tile 512 "monster, major demon, marid"
tile 513 "monster, major demon, sandestin"
tile 514 "monster, sea monster, jellyfish"
tile 515 "monster, sea monster, piranha"
tile 516 "monster, sea monster, giant eel"
tile 517 "monster, sea monster, shark"
tile 518 "monster, sea monster, giant crab"
tile 519 "monster, sea monster, electric eel"
tile 520 "monster, sea monster, kraken"
tile 521 "monster, lizard, newt"
tile 522 "monster, lizard, gecko"
tile 523 "monster, lizard, iguana"
tile 524 "monster, lizard, baby crocodile"
tile 525 "monster, lizard, lizard"
tile 526 "monster, lizard, gila monster"
tile 527 "monster, lizard, chameleon"
tile 528 "monster, lizard, crocodile"
tile 529 "monster, lizard, salamander"
tile 530 "monster, lizard, rhaumbusun"
tile 531 "monster, lizard, basilisk"
tile 532 "monster, lizard, komodo dragon"
tile 533 "monster, piece of food, bad egg"
tile 534 "monster, piece of food, killer tripe ration"
tile 535 "monster, piece of food, killer food ration"
tile 536 "monster, pile of coins, pile of killer coins"
tile 537 "monster, pile of coins, large pile of killer coins"
tile 538 "monster, pile of coins, huge pile of killer coins"
tile 539 "monster, long worm tail, long worm tail"
tile 540 "monster, unicorn or horse, Nightmare"
tile 541 "monster, eye or sphere, Beholder"
tile 542 "monster, lich, Vecna"
tile 543 "monster, human or elf, archeologist"
tile 544 "monster, human or elf, barbarian"
tile 545 "monster, human or elf, caveman"
tile 546 "monster, human or elf, cavewoman"
tile 547 "monster, human or elf, flame mage"
tile 548 "monster, human or elf, healer"
tile 549 "monster, human or elf, ice mage"
tile 550 "monster, human or elf, knight"
tile 551 "monster, human or elf, monk"
tile 552 "monster, human or elf, necromancer"
tile 553 "monster, human or elf, priest"
tile 554 "monster, human or elf, priestess"
tile 555 "monster, human or elf, ranger"
tile 556 "monster, human or elf, rogue"
tile 557 "monster, human or elf, samurai"
tile 558 "monster, human or elf, tourist"
tile 559 "monster, human or elf, undead slayer"
tile 560 "monster, human or elf, valkyrie"
tile 561 "monster, human or elf, yeoman"
tile 562 "monster, human or elf, wizard"
tile 563 "monster, human or elf, Lord Carnarvon"
tile 564 "monster, human or elf, Pelias"
tile 565 "monster, human or elf, Shaman Karnov"
tile 566 "monster, human or elf, Master Shifter"
tile 567 "monster, humanoid, Thorin"
tile 568 "monster, human or elf, Earendil"
tile 569 "monster, human or elf, Elwing"
tile 570 "monster, human or elf, High Flame Mage"
tile 571 "monster, human or elf, Hippocrates"
tile 572 "monster, humanoid, Bilbo Baggins"
tile 573 "monster, human or elf, High Ice Mage"
tile 574 "monster, human or elf, King Arthur"
tile 575 "monster, human or elf, High Lycanthrope"
tile 576 "monster, human or elf, Grand Master"
tile 577 "monster, human or elf, Dark Lord"
tile 578 "monster, human or elf, Arch Priest"
tile 579 "monster, human or elf, Orion"
tile 580 "monster, human or elf, Master of Thieves"
tile 581 "monster, human or elf, Lord Sato"
tile 582 "monster, human or elf, Twoflower"
tile 583 "monster, human or elf, Van Helsing"
tile 584 "monster, human or elf, Norn"
tile 585 "monster, human or elf, Neferet the Green"
tile 586 "monster, spider, Lolth"
tile 587 "monster, human or elf, Chief Yeoman Warder"
tile 588 "monster, major demon, Minion of Huhetotl"
tile 589 "monster, human or elf, Thoth Amon"
tile 590 "monster, dragon, Chromatic Dragon"
tile 591 "monster, human or elf, Transmuter"
tile 592 "monster, dragon, Smaug"
tile 593 "monster, orc, Goblin King"
tile 594 "monster, human or elf, Water Mage"
tile 595 "monster, human or elf, Lareth"
tile 596 "monster, giant humanoid, Cyclops"
tile 597 "monster, humanoid, Gollum"
tile 598 "monster, human or elf, Earth Mage"
tile 599 "monster, dragon, Ixoth"
tile 600 "monster, human or elf, Sir Lorimar"
tile 601 "monster, human or elf, Master Kaen"
tile 602 "monster, major demon, Maugneshaagar"
tile 603 "monster, major demon, Nalzok"
tile 604 "monster, spider, Scorpius"
tile 605 "monster, human or elf, Master Assassin"
tile 606 "monster, human or elf, Ashikaga Takauji"
tile 607 "monster, human or elf, Count Dracula"
tile 608 "monster, giant humanoid, Lord Surtur"
tile 609 "monster, human or elf, Dark One"
tile 610 "monster, human or elf, Colonel Blood"
tile 611 "monster, human or elf, student"
tile 612 "monster, human or elf, chieftain"
tile 613 "monster, human or elf, neanderthal"
tile 614 "monster, human or elf, shifter"
tile 615 "monster, humanoid, dwarf warrior"
tile 616 "monster, human or elf, igniter"
tile 617 "monster, human or elf, froster"
tile 618 "monster, humanoid, fiend"
tile 619 "monster, human or elf, attendant"
tile 620 "monster, humanoid, proudfoot"
tile 621 "monster, human or elf, intern"
tile 622 "monster, human or elf, page"
tile 623 "monster, human or elf, abbot"
tile 624 "monster, human or elf, embalmer"
tile 625 "monster, human or elf, acolyte"
tile 626 "monster, human or elf, hunter"
tile 627 "monster, human or elf, thug"
tile 628 "monster, human or elf, ninja"
tile 629 "monster, human or elf, ronin"
tile 630 "monster, human or elf, roshi"
tile 631 "monster, human or elf, guide"
tile 632 "monster, human or elf, exterminator"
tile 633 "monster, human or elf, warrior"
tile 634 "monster, human or elf, apprentice"
tile 635 "monster, human or elf, Yeoman Warder"
tile 636 "monster, humanoid, Farmer Maggot"
tile 637 "monster, invisible monster, invisible monster"
