tile 0 "object, illegal objects, strange object"
tile 1 "object, weapons, crude dagger"
tile 2 "object, weapons, dagger"
tile 3 "object, weapons, athame"
tile 4 "object, weapons, silver dagger"
tile 5 "object, weapons, runed dagger"
tile 6 "object, weapons, black runed dagger"
tile 7 "object, weapons, wooden stake"
tile 8 "object, weapons, great dagger"
tile 9 "object, weapons, worm tooth"
tile 10 "object, weapons, knife"
tile 11 "object, weapons, stiletto"
tile 12 "object, weapons, scalpel"
tile 13 "object, weapons, crysknife"
tile 14 "object, weapons, axe"
tile 15 "object, weapons, double-headed axe"
tile 16 "object, weapons, broad pick"
tile 17 "object, weapons, crude short sword"
tile 18 "object, weapons, short sword"
tile 19 "object, weapons, silver short sword"
tile 20 "object, weapons, broad short sword"
tile 21 "object, weapons, runed short sword"
tile 22 "object, weapons, black runed short sword"
tile 23 "object, weapons, broadsword"
tile 24 "object, weapons, runed broadsword"
tile 25 "object, weapons, runed broadsword"
tile 26 "object, weapons, long sword"
tile 27 "object, weapons, silver long sword"
tile 28 "object, weapons, samurai sword"
tile 29 "object, weapons, two-handed sword"
tile 30 "object, weapons, long samurai sword"
tile 31 "object, weapons, curved sword"
tile 32 "object, weapons, rapier"
tile 33 "object, weapons, silver saber"
tile 34 "object, weapons, club"
tile 35 "object, weapons, thonged club"
tile 36 "object, weapons, baseball bat"
tile 37 "object, weapons, fly swatter"
tile 38 "object, weapons, silver mace"
tile 39 "object, weapons, mace"
tile 40 "object, weapons, morning star"
tile 41 "object, weapons, flail"
tile 42 "object, weapons, war hammer"
tile 43 "object, weapons, heavy hammer"
tile 44 "object, weapons, staff"
tile 45 "object, weapons, vulgar polearm"
tile 46 "object, weapons, single-edged polearm"
tile 47 "object, weapons, forked polearm"
tile 48 "object, weapons, hilted polearm"
tile 49 "object, weapons, long poleaxe"
tile 50 "object, weapons, pole cleaver"
tile 51 "object, weapons, angled poleaxe"
tile 52 "object, weapons, pole sickle"
tile 53 "object, weapons, pruning hook"
tile 54 "object, weapons, hooked polearm"
tile 55 "object, weapons, pronged polearm"
tile 56 "object, weapons, beaked polearm"
tile 57 "object, weapons, crude spear"
tile 58 "object, weapons, spear"
tile 59 "object, weapons, silver spear"
tile 60 "object, weapons, runed spear"
tile 61 "object, weapons, stout spear"
tile 62 "object, weapons, throwing spear"
tile 63 "object, weapons, trident"
tile 64 "object, weapons, lance"
tile 65 "object, weapons, crude bow"
tile 66 "object, weapons, bow"
tile 67 "object, weapons, runed bow"
tile 68 "object, weapons, black runed bow"
tile 69 "object, weapons, long bow"
tile 70 "object, weapons, crude arrow"
tile 71 "object, weapons, arrow"
tile 72 "object, weapons, silver arrow"
tile 73 "object, weapons, runed arrow"
tile 74 "object, weapons, black runed arrow"
tile 75 "object, weapons, bamboo arrow"
tile 76 "object, weapons, sling"
tile 77 "object, weapons, pistol"
tile 78 "object, weapons, submachine gun"
tile 79 "object, weapons, heavy machine gun"
tile 80 "object, weapons, rifle"
tile 81 "object, weapons, assault rifle"
tile 82 "object, weapons, sniper rifle"
tile 83 "object, weapons, shotgun"
tile 84 "object, weapons, auto shotgun"
tile 85 "object, weapons, rocket launcher"
tile 86 "object, weapons, grenade launcher"
tile 87 "object, weapons, bullet"
tile 88 "object, weapons, silver bullet"
tile 89 "object, weapons, shotgun shell"
tile 90 "object, weapons, rocket"
tile 91 "object, weapons, frag grenade"
tile 92 "object, weapons, gas grenade"
tile 93 "object, weapons, red stick"
tile 94 "object, weapons, crossbow"
tile 95 "object, weapons, crossbow bolt"
tile 96 "object, weapons, dart"
tile 97 "object, weapons, throwing star"
tile 98 "object, weapons, boomerang"
tile 99 "object, weapons, bullwhip"
tile 100 "object, weapons, rubber hose"
tile 101 "object, armor, Hawaiian shirt"
tile 102 "object, armor, T-shirt"
tile 103 "object, armor, plate mail"
tile 104 "object, armor, crystal plate mail"
tile 105 "object, armor, bronze plate mail"
tile 106 "object, armor, splint mail"
tile 107 "object, armor, banded mail"
tile 108 "object, armor, dwarvish mithril-coat"
tile 109 "object, armor, dark elven mithril-coat"
tile 110 "object, armor, elven mithril-coat"
tile 111 "object, armor, chain mail"
tile 112 "object, armor, crude chain mail"
tile 113 "object, armor, scale mail"
tile 114 "object, armor, studded leather armor"
tile 115 "object, armor, ring mail"
tile 116 "object, armor, crude ring mail"
tile 117 "object, armor, leather armor"
tile 118 "object, armor, leather jacket"
tile 119 "object, armor, red robe"
tile 120 "object, armor, blue robe"
tile 121 "object, armor, orange robe"
tile 122 "object, armor, green robe"
tile 123 "object, armor, gray dragon scale mail"
tile 124 "object, armor, silver dragon scale mail"
tile 125 "object, armor, shimmering dragon scale mail"
tile 126 "object, armor, deep dragon scale mail"
tile 127 "object, armor, red dragon scale mail"
tile 128 "object, armor, white dragon scale mail"
tile 129 "object, armor, orange dragon scale mail"
tile 130 "object, armor, black dragon scale mail"
tile 131 "object, armor, blue dragon scale mail"
tile 132 "object, armor, green dragon scale mail"
tile 133 "object, armor, yellow dragon scale mail"
tile 134 "object, armor, gray dragon scales"
tile 135 "object, armor, silver dragon scales"
tile 136 "object, armor, shimmering dragon scales"
tile 137 "object, armor, deep dragon scales"
tile 138 "object, armor, red dragon scales"
tile 139 "object, armor, white dragon scales"
tile 140 "object, armor, orange dragon scales"
tile 141 "object, armor, black dragon scales"
tile 142 "object, armor, blue dragon scales"
tile 143 "object, armor, green dragon scales"
tile 144 "object, armor, yellow dragon scales"
tile 145 "object, armor, mummy wrapping"
tile 146 "object, armor, coarse mantelet"
tile 147 "object, armor, hooded cloak"
tile 148 "object, armor, slippery cloak"
tile 149 "object, armor, faded pall"
tile 150 "object, armor, white coat"
tile 151 "object, armor, leather cloak"
tile 152 "object, armor, tattered cape"
tile 153 "object, armor, dirty rag"
tile 154 "object, armor, opera cloak"
tile 155 "object, armor, ornamental cope"
tile 156 "object, armor, piece of cloth"
tile 157 "object, armor, leather hat"
tile 158 "object, armor, iron skull cap"
tile 159 "object, armor, hard hat"
tile 160 "object, armor, fedora"
tile 161 "object, armor, conical hat"
tile 162 "object, armor, conical hat"
tile 163 "object, armor, dented pot"
tile 164 "object, armor, plumed helmet"
tile 165 "object, armor, etched helmet"
tile 166 "object, armor, crested helmet"
tile 167 "object, armor, visored helmet"
tile 168 "object, armor, old gloves"
tile 169 "object, armor, padded gloves"
tile 170 "object, armor, riding gloves"
tile 171 "object, armor, black gloves"
tile 172 "object, armor, fencing gloves"
tile 173 "object, armor, small shield"
tile 174 "object, armor, blue and green shield"
tile 175 "object, armor, white-handed shield"
tile 176 "object, armor, red-eyed shield"
tile 177 "object, armor, large shield"
tile 178 "object, armor, large round shield"
tile 179 "object, armor, polished silver shield"
tile 180 "object, armor, walking shoes"
tile 181 "object, armor, hard shoes"
tile 182 "object, armor, jackboots"
tile 183 "object, armor, combat boots"
tile 184 "object, armor, jungle boots"
tile 185 "object, armor, hiking boots"
tile 186 "object, armor, mud boots"
tile 187 "object, armor, steel boots"
tile 188 "object, armor, riding boots"
tile 189 "object, armor, snow boots"
tile 190 "object, rings, wooden"
tile 191 "object, rings, topaz"
tile 192 "object, rings, ridged"
tile 193 "object, rings, black onyx"
tile 194 "object, rings, shiny"
tile 195 "object, rings, wedding"
tile 196 "object, rings, jade"
tile 197 "object, rings, bronze"
tile 198 "object, rings, diamond"
tile 199 "object, rings, sapphire"
tile 200 "object, rings, brass"
tile 201 "object, rings, opal"
tile 202 "object, rings, obsidian"
tile 203 "object, rings, plain"
tile 204 "object, rings, granite"
tile 205 "object, rings, glass"
tile 206 "object, rings, clay"
tile 207 "object, rings, coral"
tile 208 "object, rings, steel"
tile 209 "object, rings, wire"
tile 210 "object, rings, pearl"
tile 211 "object, rings, engagement"
tile 212 "object, rings, copper"
tile 213 "object, rings, iron"
tile 214 "object, rings, twisted"
tile 215 "object, rings, agate"
tile 216 "object, rings, moonstone"
tile 217 "object, rings, tiger eye"
tile 218 "object, rings, silver"
tile 219 "object, rings, ruby"
tile 220 "object, rings, ivory"
tile 221 "object, rings, emerald"
tile 222 "object, rings, gold"
tile 223 "object, rings, quartz"
tile 224 "object, rings, porcelain"
tile 225 "object, rings, ceramic"
tile 226 "object, rings, rigged"
tile 227 "object, rings, high"
tile 228 "object, rings, mithril"
tile 229 "object, rings, platinum"
tile 230 "object, rings, jacinth"
tile 231 "object, rings, citrine"
tile 232 "object, rings, amber"
tile 233 "object, rings, jet"
tile 234 "object, rings, chrysoberyl"
tile 235 "object, rings, plastic"
tile 236 "object, rings, cameo"
tile 237 "object, rings, intaglio"
tile 238 "object, amulets, square"
tile 239 "object, amulets, warped"
tile 240 "object, amulets, circular"
tile 241 "object, amulets, convex"
tile 242 "object, amulets, spherical"
tile 243 "object, amulets, octagonal"
tile 244 "object, amulets, hexagonal"
tile 245 "object, amulets, triangular"
tile 246 "object, amulets, oval"
tile 247 "object, amulets, concave"
tile 248 "object, amulets, pyramidal"
tile 249 "object, amulets, lunate"
tile 250 "object, amulets, charmed"
tile 251 "object, amulets, rotated"
tile 252 "object, amulets, rounded"
tile 253 "object, amulets, moony"
tile 254 "object, amulets, spiked"
tile 255 "object, amulets, rectangular"
tile 256 "object, amulets, elliptic"
tile 257 "object, amulets, rhomboedric"
tile 258 "object, amulets, Amulet of Yendor"
tile 259 "object, amulets, Amulet of Yendor"
tile 260 "object, tools, large box"
tile 261 "object, tools, chest"
tile 262 "object, tools, ice box"
tile 263 "object, tools, bag"
tile 264 "object, tools, bag"
tile 265 "object, tools, bag"
tile 266 "object, tools, bag"
tile 267 "object, tools, key"
tile 268 "object, tools, lock pick"
tile 269 "object, tools, credit card"
tile 270 "object, tools, candle"
tile 271 "object, tools, candle"
tile 272 "object, tools, candle"
tile 273 "object, tools, lamp"
tile 274 "object, tools, brass lantern"
tile 275 "object, tools, lamp"
tile 276 "object, tools, whistle"
tile 277 "object, tools, whistle"
tile 278 "object, tools, flute"
tile 279 "object, tools, flute"
tile 280 "object, tools, horn"
tile 281 "object, tools, horn"
tile 282 "object, tools, horn"
tile 283 "object, tools, horn"
tile 284 "object, tools, harp"
tile 285 "object, tools, harp"
tile 286 "object, tools, bell"
tile 287 "object, tools, bugle"
tile 288 "object, tools, drum"
tile 289 "object, tools, drum"
tile 290 "object, tools, land mine"
tile 291 "object, tools, beartrap"
tile 292 "object, tools, spoon"
tile 293 "object, tools, pick-axe"
tile 294 "object, tools, fishing pole"
tile 295 "object, tools, iron hook"
tile 296 "object, tools, unicorn horn"
tile 297 "object, tools, torch"
tile 298 "object, tools, lightsaber"
tile 299 "object, tools, lightsaber"
tile 300 "object, tools, lightsaber"
tile 301 "object, tools, double lightsaber"
tile 302 "object, tools, expensive camera"
tile 303 "object, tools, looking glass"
tile 304 "object, tools, glass orb"
tile 305 "object, tools, lenses"
tile 306 "object, tools, blindfold"
tile 307 "object, tools, towel"
tile 308 "object, tools, saddle"
tile 309 "object, tools, leash"
tile 310 "object, tools, stethoscope"
tile 311 "object, tools, tinning kit"
tile 312 "object, tools, leather bag"
tile 313 "object, tools, tin opener"
tile 314 "object, tools, can of grease"
tile 315 "object, tools, figurine"
tile 316 "object, tools, magic marker"
tile 317 "object, tools, bandage"
tile 318 "object, tools, phial"
tile 319 "object, tools, candelabrum"
tile 320 "object, tools, silver bell"
tile 321 "object, food, tripe ration"
tile 322 "object, food, corpse"
tile 323 "object, food, egg"
tile 324 "object, food, meatball"
tile 325 "object, food, meat stick"
tile 326 "object, food, huge chunk of meat"
tile 327 "object, food, meat ring"
tile 328 "object, food, eyeball"
tile 329 "object, food, severed hand"
tile 330 "object, food, kelp frond"
tile 331 "object, food, eucalyptus leaf"
tile 332 "object, food, clove of garlic"
tile 333 "object, food, sprig of wolfsbane"
tile 334 "object, food, apple"
tile 335 "object, food, carrot"
tile 336 "object, food, pear"
tile 337 "object, food, asian pear"
tile 338 "object, food, banana"
tile 339 "object, food, orange"
tile 340 "object, food, mushroom"
tile 341 "object, food, melon"
tile 342 "object, food, slime mold"
tile 343 "object, food, lump of royal jelly"
tile 344 "object, food, cream pie"
tile 345 "object, food, sandwich"
tile 346 "object, food, candy bar"
tile 347 "object, food, fortune cookie"
tile 348 "object, food, pancake"
tile 349 "object, food, tortilla"
tile 350 "object, food, cheese"
tile 351 "object, food, pill"
tile 352 "object, food, holy wafer"
tile 353 "object, food, lembas wafer"
tile 354 "object, food, cram ration"
tile 355 "object, food, food ration"
tile 356 "object, food, K-ration"
tile 357 "object, food, C-ration"
tile 358 "object, food, tin"
tile 359 "object, potions, brown"
tile 360 "object, potions, dark"
tile 361 "object, potions, magenta"
tile 362 "object, potions, fizzy"
tile 363 "object, potions, effervescent"
tile 364 "object, potions, luminescent"
tile 365 "object, potions, orange"
tile 366 "object, potions, sky blue"
tile 367 "object, potions, purple-red"
tile 368 "object, potions, puce"
tile 369 "object, potions, pink"
tile 370 "object, potions, yellow"
tile 371 "object, potions, muddy"
tile 372 "object, potions, cloudy"
tile 373 "object, potions, brilliant blue"
tile 374 "object, potions, bubbly"
tile 375 "object, potions, smoky"
tile 376 "object, potions, swirly"
tile 377 "object, potions, black"
tile 378 "object, potions, cyan"
tile 379 "object, potions, golden"
tile 380 "object, potions, dark"
tile 381 "object, potions, white"
tile 382 "object, potions, murky"
tile 383 "object, potions, ruby"
tile 384 "object, potions, milky"
tile 385 "object, potions, icy"
tile 386 "object, potions, emerald"
tile 387 "object, potions, clear"
tile 388 "object, potions, blood-red"
tile 389 "object, potions, blood-red"
tile 390 "object, potions, sparkling"
tile 391 "object, potions, thaumaturgic"
tile 392 "object, potions, shining"
tile 393 "object, potions, incandescent"
tile 394 "object, potions, freezing"
tile 395 "object, potions, squishy"
tile 396 "object, potions, greasy"
tile 397 "object, potions, slimy"
tile 398 "object, potions, soapy"
tile 399 "object, potions, ochre"
tile 400 "object, potions, steamy"
tile 401 "object, potions, gooey"
tile 402 "object, potions, silver"
tile 403 "object, scrolls, LEP GEX VEN ZEA"
tile 404 "object, scrolls, PRIRUTSENIE"
tile 405 "object, scrolls, VERR YED HORRE"
tile 406 "object, scrolls, YUM YUM"
tile 407 "object, scrolls, THARR"
tile 408 "object, scrolls, KERNOD WEL"
tile 409 "object, scrolls, ELAM EBOW"
tile 410 "object, scrolls, NR 9"
tile 411 "object, scrolls, XIXAXA XOXAXA XUXAXA"
tile 412 "object, scrolls, DAIYEN FOOELS"
tile 413 "object, scrolls, ZELGO MER"
tile 414 "object, scrolls, PRATYAVAYAH"
tile 415 "object, scrolls, VENZAR BORGAVVE"
tile 416 "object, scrolls, ANDOVA BEGARIN"
tile 417 "object, scrolls, KIRJE"
tile 418 "object, scrolls, JUYED AWK YACC"
tile 419 "object, scrolls, DUAM XNAHT"
tile 420 "object, scrolls, HACKEM MUCHE"
tile 421 "object, scrolls, ELBIB YLOH"
tile 422 "object, scrolls, VE FORBRYDERNE"
tile 423 "object, scrolls, VELOX NEB"
tile 424 "object, scrolls, FOOBIE BLETCH"
tile 425 "object, scrolls, TEMOV"
tile 426 "object, scrolls, GARVEN DEH"
tile 427 "object, scrolls, READ ME"
tile 428 "object, scrolls, ETAOIN SHRDLU"
tile 429 "object, scrolls, LOREM IPSUM"
tile 430 "object, scrolls, FNORD"
tile 431 "object, scrolls, KO BATE"
tile 432 "object, scrolls, ACHAT SHTAYIM SHALOSH"
tile 433 "object, scrolls, ABRA KA DABRA"
tile 434 "object, scrolls, ASHPD"
tile 435 "object, scrolls, SODALG"
tile 436 "object, scrolls, ZLORFIK"
tile 437 "object, scrolls, GNIK SISI VLE"
tile 438 "object, scrolls, HAPAX LEGOMENON"
tile 439 "object, scrolls, HZLRC KSTSBD MPFNG"
tile 440 "object, scrolls, EIRIS SAZUN IDISI"
tile 441 "object, scrolls, PHOL ENDE WODAN"
tile 442 "object, scrolls, GHOTI"
tile 443 "object, scrolls, MAPIRO MAHAMA DIROMAT"
tile 444 "object, scrolls, VAS CORP BET MANI"
tile 445 "object, scrolls, CLONE MONSTER"
tile 446 "object, scrolls, RESURRECTION"
tile 447 "object, scrolls, APOCALYPSE"
tile 448 "object, scrolls, unlabeled"
tile 449 "object, spell books, red"
tile 450 "object, spell books, turquoise"
tile 451 "object, spell books, velvet"
tile 452 "object, spell books, dark"
tile 453 "object, spell books, black"
tile 454 "object, spell books, thick"
tile 455 "object, spell books, white"
tile 456 "object, spell books, yellow"
tile 457 "object, spell books, indigo"
tile 458 "object, spell books, plaid"
tile 459 "object, spell books, light brown"
tile 460 "object, spell books, glittering"
tile 461 "object, spell books, cloth"
tile 462 "object, spell books, leather"
tile 463 "object, spell books, cyan"
tile 464 "object, spell books, dark blue"
tile 465 "object, spell books, violet"
tile 466 "object, spell books, bronze"
tile 467 "object, spell books, gray"
tile 468 "object, spell books, dusty"
tile 469 "object, spell books, orange"
tile 470 "object, spell books, light green"
tile 471 "object, spell books, light blue"
tile 472 "object, spell books, magenta"
tile 473 "object, spell books, dull"
tile 474 "object, spell books, thin"
tile 475 "object, spell books, wide"
tile 476 "object, spell books, big"
tile 477 "object, spell books, fuzzy"
tile 478 "object, spell books, deep"
tile 479 "object, spell books, spotted"
tile 480 "object, spell books, long"
tile 481 "object, spell books, wrinkled"
tile 482 "object, spell books, copper"
tile 483 "object, spell books, torn"
tile 484 "object, spell books, purple"
tile 485 "object, spell books, faded"
tile 486 "object, spell books, dark brown"
tile 487 "object, spell books, tan"
tile 488 "object, spell books, gold"
tile 489 "object, spell books, ochre"
tile 490 "object, spell books, silver"
tile 491 "object, spell books, pink"
tile 492 "object, spell books, canvas"
tile 493 "object, spell books, hardcover"
tile 494 "object, spell books, dark green"
tile 495 "object, spell books, parchment"
tile 496 "object, spell books, shining"
tile 497 "object, spell books, vellum"
tile 498 "object, spell books, ragged"
tile 499 "object, spell books, dog eared"
tile 500 "object, spell books, mottled"
tile 501 "object, spell books, stained"
tile 502 "object, spell books, rainbow"
tile 503 "object, spell books, tattered"
tile 504 "object, spell books, colorful"
tile 505 "object, spell books, tartan"
tile 506 "object, spell books, stylish"
tile 507 "object, spell books, psychedelic"
tile 508 "object, spell books, spiral-bound"
tile 509 "object, spell books, left-handed"
tile 510 "object, spell books, stapled"
tile 511 "object, spell books, chartreuse"
tile 512 "object, spell books, decrepit"
tile 513 "object, spell books, paperback"
tile 514 "object, spell books, crimson"
tile 515 "object, spell books, charcoal"
tile 516 "object, spell books, plain"
tile 517 "object, spell books, papyrus"
tile 518 "object, wands, glass"
tile 519 "object, wands, oak"
tile 520 "object, wands, crystal"
tile 521 "object, wands, bamboo"
tile 522 "object, wands, aluminum"
tile 523 "object, wands, marble"
tile 524 "object, wands, zinc"
tile 525 "object, wands, uranium"
tile 526 "object, wands, balsa"
tile 527 "object, wands, tin"
tile 528 "object, wands, brass"
tile 529 "object, wands, ebony"
tile 530 "object, wands, copper"
tile 531 "object, wands, ceramic"
tile 532 "object, wands, platinum"
tile 533 "object, wands, maple"
tile 534 "object, wands, rusty"
tile 535 "object, wands, silver"
tile 536 "object, wands, iridium"
tile 537 "object, wands, black"
tile 538 "object, wands, bronze"
tile 539 "object, wands, pine"
tile 540 "object, wands, iron"
tile 541 "object, wands, steel"
tile 542 "object, wands, hexagonal"
tile 543 "object, wands, short"
tile 544 "object, wands, runed"
tile 545 "object, wands, long"
tile 546 "object, wands, curved"
tile 547 "object, wands, octagonal"
tile 548 "object, wands, forked"
tile 549 "object, wands, spiked"
tile 550 "object, wands, jeweled"
tile 551 "object, wands, porcelain"
tile 552 "object, wands, quartz"
tile 553 "object, wands, metal"
tile 554 "object, wands, decayed"
tile 555 "object, wands, dodecagonal"
tile 556 "object, wands, stoutwood"
tile 557 "object, wands, walnut"
tile 558 "object, wands, mahogany"
tile 559 "object, wands, cedar"
tile 560 "object, wands, chrome"
tile 561 "object, wands, titanium"
tile 562 "object, wands, nickel"
tile 563 "object, wands, mithril"
tile 564 "object, wands, grooved"
tile 565 "object, wands, bent"
tile 566 "object, wands, plastic"
tile 567 "object, wands, bone"
tile 568 "object, wands, alabaster"
tile 569 "object, wands, orichalcum"
tile 570 "object, wands, electrum"
tile 571 "object, wands, conundrum"
tile 572 "object, wands, lavender"
tile 573 "object, wands, viridian"
tile 574 "object, wands, cerulean"
tile 575 "object, wands, saffron"
tile 576 "object, coins, gold piece"
tile 577 "object, rocks, white"
tile 578 "object, rocks, white"
tile 579 "object, rocks, red"
tile 580 "object, rocks, orange"
tile 581 "object, rocks, blue"
tile 582 "object, rocks, black"
tile 583 "object, rocks, green"
tile 584 "object, rocks, green"
tile 585 "object, rocks, yellow"
tile 586 "object, rocks, green"
tile 587 "object, rocks, yellowish brown"
tile 588 "object, rocks, yellowish brown"
tile 589 "object, rocks, black"
tile 590 "object, rocks, white"
tile 591 "object, rocks, yellow"
tile 592 "object, rocks, red"
tile 593 "object, rocks, violet"
tile 594 "object, rocks, red"
tile 595 "object, rocks, violet"
tile 596 "object, rocks, black"
tile 597 "object, rocks, orange"
tile 598 "object, rocks, green"
tile 599 "object, rocks, white"
tile 600 "object, rocks, blue"
tile 601 "object, rocks, red"
tile 602 "object, rocks, yellowish brown"
tile 603 "object, rocks, orange"
tile 604 "object, rocks, yellow"
tile 605 "object, rocks, black"
tile 606 "object, rocks, green"
tile 607 "object, rocks, violet"
tile 608 "object, rocks, gray"
tile 609 "object, rocks, gray"
tile 610 "object, rocks, gray"
tile 611 "object, rocks, gray"
tile 612 "object, rocks, gray"
tile 613 "object, rocks, gray"
tile 614 "object, rocks, rock"
tile 615 "object, large stones, boulder"
tile 616 "object, large stones, statue"
tile 617 "object, iron balls, heavy iron ball"
tile 618 "object, chains, iron chain"
tile 619 "object, venoms, splash of venom"
tile 620 "object, venoms, splash of venom"
