tile 0 "object, illegal objects, strange object"
tile 1 "object, weapons, crude dagger"
tile 2 "object, weapons, dagger"
tile 3 "object, weapons, athame"
tile 4 "object, weapons, silver dagger"
tile 5 "object, weapons, runed dagger"
tile 6 "object, weapons, black runed dagger"
tile 7 "object, weapons, wooden stake"
tile 8 "object, weapons, great dagger"
tile 9 "object, weapons, worm tooth"
tile 10 "object, weapons, knife"
tile 11 "object, weapons, stiletto"
tile 12 "object, weapons, scalpel"
tile 13 "object, weapons, crysknife"
tile 14 "object, weapons, axe"
tile 15 "object, weapons, double-headed axe"
tile 16 "object, weapons, broad pick"
tile 17 "object, weapons, crude short sword"
tile 18 "object, weapons, short sword"
tile 19 "object, weapons, silver short sword"
tile 20 "object, weapons, broad short sword"
tile 21 "object, weapons, runed short sword"
tile 22 "object, weapons, black runed short sword"
tile 23 "object, weapons, broadsword"
tile 24 "object, weapons, runed broadsword"
tile 25 "object, weapons, runed broadsword"
tile 26 "object, weapons, long sword"
tile 27 "object, weapons, silver long sword"
tile 28 "object, weapons, samurai sword"
tile 29 "object, weapons, two-handed sword"
tile 30 "object, weapons, long samurai sword"
tile 31 "object, weapons, curved sword"
tile 32 "object, weapons, rapier"
tile 33 "object, weapons, silver saber"
tile 34 "object, weapons, club"
tile 35 "object, weapons, thonged club"
tile 36 "object, weapons, baseball bat"
tile 37 "object, weapons, fly swatter"
tile 38 "object, weapons, silver mace"
tile 39 "object, weapons, mace"
tile 40 "object, weapons, morning star"
tile 41 "object, weapons, flail"
tile 42 "object, weapons, war hammer"
tile 43 "object, weapons, heavy hammer"
tile 44 "object, weapons, staff"
tile 45 "object, weapons, vulgar polearm"
tile 46 "object, weapons, single-edged polearm"
tile 47 "object, weapons, forked polearm"
tile 48 "object, weapons, hilted polearm"
tile 49 "object, weapons, long poleaxe"
tile 50 "object, weapons, pole cleaver"
tile 51 "object, weapons, angled poleaxe"
tile 52 "object, weapons, pole sickle"
tile 53 "object, weapons, pruning hook"
tile 54 "object, weapons, hooked polearm"
tile 55 "object, weapons, pronged polearm"
tile 56 "object, weapons, beaked polearm"
tile 57 "object, weapons, crude spear"
tile 58 "object, weapons, spear"
tile 59 "object, weapons, silver spear"
tile 60 "object, weapons, runed spear"
tile 61 "object, weapons, stout spear"
tile 62 "object, weapons, throwing spear"
tile 63 "object, weapons, trident"
tile 64 "object, weapons, lance"
tile 65 "object, weapons, crude bow"
tile 66 "object, weapons, bow"
tile 67 "object, weapons, runed bow"
tile 68 "object, weapons, black runed bow"
tile 69 "object, weapons, long bow"
tile 70 "object, weapons, crude arrow"
tile 71 "object, weapons, arrow"
tile 72 "object, weapons, silver arrow"
tile 73 "object, weapons, runed arrow"
tile 74 "object, weapons, black runed arrow"
tile 75 "object, weapons, bamboo arrow"
tile 76 "object, weapons, sling"
tile 77 "object, weapons, pistol"
tile 78 "object, weapons, submachine gun"
tile 79 "object, weapons, heavy machine gun"
tile 80 "object, weapons, rifle"
tile 81 "object, weapons, assault rifle"
tile 82 "object, weapons, sniper rifle"
tile 83 "object, weapons, shotgun"
tile 84 "object, weapons, auto shotgun"
tile 85 "object, weapons, rocket launcher"
tile 86 "object, weapons, grenade launcher"
tile 87 "object, weapons, bullet"
tile 88 "object, weapons, silver bullet"
tile 89 "object, weapons, shotgun shell"
tile 90 "object, weapons, rocket"
tile 91 "object, weapons, frag grenade"
tile 92 "object, weapons, gas grenade"
tile 93 "object, weapons, red stick"
tile 94 "object, weapons, crossbow"
tile 95 "object, weapons, crossbow bolt"
tile 96 "object, weapons, dart"
tile 97 "object, weapons, throwing star"
tile 98 "object, weapons, boomerang"
tile 99 "object, weapons, bullwhip"
tile 100 "object, weapons, rubber hose"
tile 101 "object, armor, Hawaiian shirt"
tile 102 "object, armor, T-shirt"
tile 103 "object, armor, plate mail"
tile 104 "object, armor, crystal plate mail"
tile 105 "object, armor, bronze plate mail"
tile 106 "object, armor, splint mail"
tile 107 "object, armor, banded mail"
tile 108 "object, armor, dwarvish mithril-coat"
tile 109 "object, armor, dark elven mithril-coat"
tile 110 "object, armor, elven mithril-coat"
tile 111 "object, armor, chain mail"
tile 112 "object, armor, crude chain mail"
tile 113 "object, armor, scale mail"
tile 114 "object, armor, studded leather armor"
tile 115 "object, armor, ring mail"
tile 116 "object, armor, crude ring mail"
tile 117 "object, armor, leather armor"
tile 118 "object, armor, leather jacket"
tile 119 "object, armor, red robe"
tile 120 "object, armor, blue robe"
tile 121 "object, armor, orange robe"
tile 122 "object, armor, green robe"
tile 123 "object, armor, gray dragon scale mail"
tile 124 "object, armor, silver dragon scale mail"
tile 125 "object, armor, shimmering dragon scale mail"
tile 126 "object, armor, deep dragon scale mail"
tile 127 "object, armor, red dragon scale mail"
tile 128 "object, armor, white dragon scale mail"
tile 129 "object, armor, orange dragon scale mail"
tile 130 "object, armor, black dragon scale mail"
tile 131 "object, armor, blue dragon scale mail"
tile 132 "object, armor, green dragon scale mail"
tile 133 "object, armor, yellow dragon scale mail"
tile 134 "object, armor, gray dragon scales"
tile 135 "object, armor, silver dragon scales"
tile 136 "object, armor, shimmering dragon scales"
tile 137 "object, armor, deep dragon scales"
tile 138 "object, armor, red dragon scales"
tile 139 "object, armor, white dragon scales"
tile 140 "object, armor, orange dragon scales"
tile 141 "object, armor, black dragon scales"
tile 142 "object, armor, blue dragon scales"
tile 143 "object, armor, green dragon scales"
tile 144 "object, armor, yellow dragon scales"
tile 145 "object, armor, mummy wrapping"
tile 146 "object, armor, coarse mantelet"
tile 147 "object, armor, hooded cloak"
tile 148 "object, armor, slippery cloak"
tile 149 "object, armor, faded pall"
tile 150 "object, armor, white coat"
tile 151 "object, armor, leather cloak"
tile 152 "object, armor, tattered cape"
tile 153 "object, armor, dirty rag"
tile 154 "object, armor, opera cloak"
tile 155 "object, armor, ornamental cope"
tile 156 "object, armor, piece of cloth"
tile 157 "object, armor, leather hat"
tile 158 "object, armor, iron skull cap"
tile 159 "object, armor, hard hat"
tile 160 "object, armor, fedora"
tile 161 "object, armor, conical hat"
tile 162 "object, armor, conical hat"
tile 163 "object, armor, dented pot"
tile 164 "object, armor, plumed helmet"
tile 165 "object, armor, etched helmet"
tile 166 "object, armor, crested helmet"
tile 167 "object, armor, visored helmet"
tile 168 "object, armor, old gloves"
tile 169 "object, armor, padded gloves"
tile 170 "object, armor, riding gloves"
tile 171 "object, armor, black gloves"
tile 172 "object, armor, fencing gloves"
tile 173 "object, armor, small shield"
tile 174 "object, armor, blue and green shield"
tile 175 "object, armor, white-handed shield"
tile 176 "object, armor, red-eyed shield"
tile 177 "object, armor, large shield"
tile 178 "object, armor, large round shield"
tile 179 "object, armor, polished silver shield"
tile 180 "object, armor, walking shoes"
tile 181 "object, armor, hard shoes"
tile 182 "object, armor, jackboots"
tile 183 "object, armor, combat boots"
tile 184 "object, armor, jungle boots"
tile 185 "object, armor, hiking boots"
tile 186 "object, armor, mud boots"
tile 187 "object, armor, steel boots"
tile 188 "object, armor, riding boots"
tile 189 "object, armor, snow boots"
tile 190 "object, rings, wooden"
tile 191 "object, rings, topaz"
tile 192 "object, rings, ridged"
tile 193 "object, rings, black onyx"
tile 194 "object, rings, shiny"
tile 195 "object, rings, wedding"
tile 196 "object, rings, jade"
tile 197 "object, rings, bronze"
tile 198 "object, rings, diamond"
tile 199 "object, rings, sapphire"
tile 200 "object, rings, brass"
tile 201 "object, rings, opal"
tile 202 "object, rings, obsidian"
tile 203 "object, rings, plain"
tile 204 "object, rings, granite"
tile 205 "object, rings, glass"
tile 206 "object, rings, clay"
tile 207 "object, rings, coral"
tile 208 "object, rings, steel"
tile 209 "object, rings, wire"
tile 210 "object, rings, pearl"
tile 211 "object, rings, engagement"
tile 212 "object, rings, copper"
tile 213 "object, rings, iron"
tile 214 "object, rings, twisted"
tile 215 "object, rings, agate"
tile 216 "object, rings, moonstone"
tile 217 "object, rings, tiger eye"
tile 218 "object, rings, silver"
tile 219 "object, rings, ruby"
tile 220 "object, rings, ivory"
tile 221 "object, rings, emerald"
tile 222 "object, rings, gold"
tile 223 "object, amulets, square"
tile 224 "object, amulets, warped"
tile 225 "object, amulets, circular"
tile 226 "object, amulets, convex"
tile 227 "object, amulets, spherical"
tile 228 "object, amulets, octagonal"
tile 229 "object, amulets, hexagonal"
tile 230 "object, amulets, triangular"
tile 231 "object, amulets, oval"
tile 232 "object, amulets, concave"
tile 233 "object, amulets, pyramidal"
tile 234 "object, amulets, lunate"
tile 235 "object, amulets, Amulet of Yendor"
tile 236 "object, amulets, Amulet of Yendor"
tile 237 "object, tools, large box"
tile 238 "object, tools, chest"
tile 239 "object, tools, ice box"
tile 240 "object, tools, bag"
tile 241 "object, tools, bag"
tile 242 "object, tools, bag"
tile 243 "object, tools, bag"
tile 244 "object, tools, key"
tile 245 "object, tools, lock pick"
tile 246 "object, tools, credit card"
tile 247 "object, tools, candle"
tile 248 "object, tools, candle"
tile 249 "object, tools, candle"
tile 250 "object, tools, lamp"
tile 251 "object, tools, brass lantern"
tile 252 "object, tools, lamp"
tile 253 "object, tools, whistle"
tile 254 "object, tools, whistle"
tile 255 "object, tools, flute"
tile 256 "object, tools, flute"
tile 257 "object, tools, horn"
tile 258 "object, tools, horn"
tile 259 "object, tools, horn"
tile 260 "object, tools, horn"
tile 261 "object, tools, harp"
tile 262 "object, tools, harp"
tile 263 "object, tools, bell"
tile 264 "object, tools, bugle"
tile 265 "object, tools, drum"
tile 266 "object, tools, drum"
tile 267 "object, tools, land mine"
tile 268 "object, tools, beartrap"
tile 269 "object, tools, spoon"
tile 270 "object, tools, pick-axe"
tile 271 "object, tools, fishing pole"
tile 272 "object, tools, iron hook"
tile 273 "object, tools, unicorn horn"
tile 274 "object, tools, torch"
tile 275 "object, tools, lightsaber"
tile 276 "object, tools, lightsaber"
tile 277 "object, tools, lightsaber"
tile 278 "object, tools, double lightsaber"
tile 279 "object, tools, expensive camera"
tile 280 "object, tools, looking glass"
tile 281 "object, tools, glass orb"
tile 282 "object, tools, lenses"
tile 283 "object, tools, blindfold"
tile 284 "object, tools, towel"
tile 285 "object, tools, saddle"
tile 286 "object, tools, leash"
tile 287 "object, tools, stethoscope"
tile 288 "object, tools, tinning kit"
tile 289 "object, tools, leather bag"
tile 290 "object, tools, tin opener"
tile 291 "object, tools, can of grease"
tile 292 "object, tools, figurine"
tile 293 "object, tools, magic marker"
tile 294 "object, tools, bandage"
tile 295 "object, tools, phial"
tile 296 "object, tools, candelabrum"
tile 297 "object, tools, silver bell"
tile 298 "object, food, tripe ration"
tile 299 "object, food, corpse"
tile 300 "object, food, egg"
tile 301 "object, food, meatball"
tile 302 "object, food, meat stick"
tile 303 "object, food, huge chunk of meat"
tile 304 "object, food, meat ring"
tile 305 "object, food, eyeball"
tile 306 "object, food, severed hand"
tile 307 "object, food, kelp frond"
tile 308 "object, food, eucalyptus leaf"
tile 309 "object, food, clove of garlic"
tile 310 "object, food, sprig of wolfsbane"
tile 311 "object, food, apple"
tile 312 "object, food, carrot"
tile 313 "object, food, pear"
tile 314 "object, food, asian pear"
tile 315 "object, food, banana"
tile 316 "object, food, orange"
tile 317 "object, food, mushroom"
tile 318 "object, food, melon"
tile 319 "object, food, slime mold"
tile 320 "object, food, lump of royal jelly"
tile 321 "object, food, cream pie"
tile 322 "object, food, sandwich"
tile 323 "object, food, candy bar"
tile 324 "object, food, fortune cookie"
tile 325 "object, food, pancake"
tile 326 "object, food, tortilla"
tile 327 "object, food, cheese"
tile 328 "object, food, pill"
tile 329 "object, food, holy wafer"
tile 330 "object, food, lembas wafer"
tile 331 "object, food, cram ration"
tile 332 "object, food, food ration"
tile 333 "object, food, K-ration"
tile 334 "object, food, C-ration"
tile 335 "object, food, tin"
tile 336 "object, potions, brown"
tile 337 "object, potions, dark"
tile 338 "object, potions, magenta"
tile 339 "object, potions, fizzy"
tile 340 "object, potions, effervescent"
tile 341 "object, potions, luminescent"
tile 342 "object, potions, orange"
tile 343 "object, potions, sky blue"
tile 344 "object, potions, purple-red"
tile 345 "object, potions, puce"
tile 346 "object, potions, pink"
tile 347 "object, potions, yellow"
tile 348 "object, potions, muddy"
tile 349 "object, potions, cloudy"
tile 350 "object, potions, brilliant blue"
tile 351 "object, potions, bubbly"
tile 352 "object, potions, smoky"
tile 353 "object, potions, swirly"
tile 354 "object, potions, black"
tile 355 "object, potions, cyan"
tile 356 "object, potions, golden"
tile 357 "object, potions, dark"
tile 358 "object, potions, white"
tile 359 "object, potions, murky"
tile 360 "object, potions, ruby"
tile 361 "object, potions, milky"
tile 362 "object, potions, icy"
tile 363 "object, potions, emerald"
tile 364 "object, potions, clear"
tile 365 "object, potions, blood-red"
tile 366 "object, potions, blood-red"
tile 367 "object, potions, sparkling"
tile 368 "object, scrolls, LEP GEX VEN ZEA"
tile 369 "object, scrolls, PRIRUTSENIE"
tile 370 "object, scrolls, VERR YED HORRE"
tile 371 "object, scrolls, YUM YUM"
tile 372 "object, scrolls, THARR"
tile 373 "object, scrolls, KERNOD WEL"
tile 374 "object, scrolls, ELAM EBOW"
tile 375 "object, scrolls, NR 9"
tile 376 "object, scrolls, XIXAXA XOXAXA XUXAXA"
tile 377 "object, scrolls, DAIYEN FOOELS"
tile 378 "object, scrolls, ZELGO MER"
tile 379 "object, scrolls, PRATYAVAYAH"
tile 380 "object, scrolls, VENZAR BORGAVVE"
tile 381 "object, scrolls, ANDOVA BEGARIN"
tile 382 "object, scrolls, KIRJE"
tile 383 "object, scrolls, JUYED AWK YACC"
tile 384 "object, scrolls, DUAM XNAHT"
tile 385 "object, scrolls, HACKEM MUCHE"
tile 386 "object, scrolls, ELBIB YLOH"
tile 387 "object, scrolls, VE FORBRYDERNE"
tile 388 "object, scrolls, VELOX NEB"
tile 389 "object, scrolls, FOOBIE BLETCH"
tile 390 "object, scrolls, TEMOV"
tile 391 "object, scrolls, GARVEN DEH"
tile 392 "object, scrolls, READ ME"
tile 393 "object, scrolls, stamped"
tile 394 "object, scrolls, unlabeled"
tile 395 "object, spell books, red"
tile 396 "object, spell books, turquoise"
tile 397 "object, spell books, velvet"
tile 398 "object, spell books, dark"
tile 399 "object, spell books, black"
tile 400 "object, spell books, thick"
tile 401 "object, spell books, white"
tile 402 "object, spell books, yellow"
tile 403 "object, spell books, indigo"
tile 404 "object, spell books, plaid"
tile 405 "object, spell books, light brown"
tile 406 "object, spell books, glittering"
tile 407 "object, spell books, cloth"
tile 408 "object, spell books, leather"
tile 409 "object, spell books, cyan"
tile 410 "object, spell books, dark blue"
tile 411 "object, spell books, violet"
tile 412 "object, spell books, bronze"
tile 413 "object, spell books, gray"
tile 414 "object, spell books, dusty"
tile 415 "object, spell books, orange"
tile 416 "object, spell books, light green"
tile 417 "object, spell books, light blue"
tile 418 "object, spell books, magenta"
tile 419 "object, spell books, dull"
tile 420 "object, spell books, thin"
tile 421 "object, spell books, wide"
tile 422 "object, spell books, big"
tile 423 "object, spell books, fuzzy"
tile 424 "object, spell books, deep"
tile 425 "object, spell books, spotted"
tile 426 "object, spell books, long"
tile 427 "object, spell books, wrinkled"
tile 428 "object, spell books, copper"
tile 429 "object, spell books, torn"
tile 430 "object, spell books, purple"
tile 431 "object, spell books, faded"
tile 432 "object, spell books, dark brown"
tile 433 "object, spell books, tan"
tile 434 "object, spell books, gold"
tile 435 "object, spell books, ochre"
tile 436 "object, spell books, silver"
tile 437 "object, spell books, pink"
tile 438 "object, spell books, canvas"
tile 439 "object, spell books, hardcover"
tile 440 "object, spell books, dark green"
tile 441 "object, spell books, parchment"
tile 442 "object, spell books, shining"
tile 443 "object, spell books, vellum"
tile 444 "object, spell books, ragged"
tile 445 "object, spell books, dog eared"
tile 446 "object, spell books, mottled"
tile 447 "object, spell books, stained"
tile 448 "object, spell books, rainbow"
tile 449 "object, spell books, tattered"
tile 450 "object, spell books, colorful"
tile 451 "object, spell books, tartan"
tile 452 "object, spell books, stylish"
tile 453 "object, spell books, psychedelic"
tile 454 "object, spell books, spiral-bound"
tile 455 "object, spell books, left-handed"
tile 456 "object, spell books, stapled"
tile 457 "object, spell books, plain"
tile 458 "object, spell books, papyrus"
tile 459 "object, wands, glass"
tile 460 "object, wands, oak"
tile 461 "object, wands, crystal"
tile 462 "object, wands, bamboo"
tile 463 "object, wands, aluminum"
tile 464 "object, wands, marble"
tile 465 "object, wands, zinc"
tile 466 "object, wands, uranium"
tile 467 "object, wands, balsa"
tile 468 "object, wands, tin"
tile 469 "object, wands, brass"
tile 470 "object, wands, ebony"
tile 471 "object, wands, copper"
tile 472 "object, wands, ceramic"
tile 473 "object, wands, platinum"
tile 474 "object, wands, maple"
tile 475 "object, wands, rusty"
tile 476 "object, wands, silver"
tile 477 "object, wands, iridium"
tile 478 "object, wands, black"
tile 479 "object, wands, bronze"
tile 480 "object, wands, pine"
tile 481 "object, wands, iron"
tile 482 "object, wands, steel"
tile 483 "object, wands, hexagonal"
tile 484 "object, wands, short"
tile 485 "object, wands, runed"
tile 486 "object, wands, long"
tile 487 "object, wands, curved"
tile 488 "object, wands, octagonal"
tile 489 "object, wands, forked"
tile 490 "object, wands, spiked"
tile 491 "object, wands, jeweled"
tile 492 "object, coins, gold piece"
tile 493 "object, rocks, white"
tile 494 "object, rocks, white"
tile 495 "object, rocks, red"
tile 496 "object, rocks, orange"
tile 497 "object, rocks, blue"
tile 498 "object, rocks, black"
tile 499 "object, rocks, green"
tile 500 "object, rocks, green"
tile 501 "object, rocks, yellow"
tile 502 "object, rocks, green"
tile 503 "object, rocks, yellowish brown"
tile 504 "object, rocks, yellowish brown"
tile 505 "object, rocks, black"
tile 506 "object, rocks, white"
tile 507 "object, rocks, yellow"
tile 508 "object, rocks, red"
tile 509 "object, rocks, violet"
tile 510 "object, rocks, red"
tile 511 "object, rocks, violet"
tile 512 "object, rocks, black"
tile 513 "object, rocks, orange"
tile 514 "object, rocks, green"
tile 515 "object, rocks, white"
tile 516 "object, rocks, blue"
tile 517 "object, rocks, red"
tile 518 "object, rocks, yellowish brown"
tile 519 "object, rocks, orange"
tile 520 "object, rocks, yellow"
tile 521 "object, rocks, black"
tile 522 "object, rocks, green"
tile 523 "object, rocks, violet"
tile 524 "object, rocks, gray"
tile 525 "object, rocks, gray"
tile 526 "object, rocks, gray"
tile 527 "object, rocks, gray"
tile 528 "object, rocks, gray"
tile 529 "object, rocks, gray"
tile 530 "object, rocks, rock"
tile 531 "object, large stones, boulder"
tile 532 "object, large stones, statue"
tile 533 "object, iron balls, heavy iron ball"
tile 534 "object, chains, iron chain"
tile 535 "object, venoms, splash of venom"
tile 536 "object, venoms, splash of venom"
