tile 0 "cmap, dark part of a room"
tile 1 "cmap, wall, vertical"
tile 2 "cmap, wall, horizontal"
tile 3 "cmap, wall, top left corner"
tile 4 "cmap, wall, top right corner"
tile 5 "cmap, wall, bottom left corner"
tile 6 "cmap, wall, bottom right corner"
tile 7 "cmap, wall, crosswall"
tile 8 "cmap, wall, tee up"
tile 9 "cmap, wall, tee down"
tile 10 "cmap, wall, tee left"
tile 11 "cmap, wall, tee right"
tile 12 "cmap, door, doorway"
tile 13 "cmap, door, vertical open door"
tile 14 "cmap, door, horizontal open door"
tile 15 "cmap, door, vertical closed door"
tile 16 "cmap, door, horizontal closed door"
tile 17 "cmap, iron bars"
tile 18 "cmap, tree"
tile 19 "cmap, floor of a room"
tile 20 "cmap, corridor"
tile 21 "cmap, lit corridor"
tile 22 "cmap, staircase up"
tile 23 "cmap, staircase down"
tile 24 "cmap, ladder up"
tile 25 "cmap, ladder down"
tile 26 "cmap, altar"
tile 27 "cmap, grave"
tile 28 "cmap, opulent throne"
tile 29 "cmap, sink"
tile 30 "cmap, toilet"
tile 31 "cmap, fountain"
tile 32 "cmap, pool"
tile 33 "cmap, ice"
tile 34 "cmap, molten lava"
tile 35 "cmap, lowered drawbridge, vertical"
tile 36 "cmap, lowered drawbridge, horizontal"
tile 37 "cmap, raised drawbridge, vertical"
tile 38 "cmap, raised drawbridge, horizontal"
tile 39 "cmap, air"
tile 40 "cmap, cloud"
tile 41 "cmap, water"
tile 42 "cmap, trap, arrow trap"
tile 43 "cmap, trap, dart trap"
tile 44 "cmap, trap, falling rock trap"
tile 45 "cmap, trap, squeaky board"
tile 46 "cmap, trap, bear trap"
tile 47 "cmap, trap, land mine"
tile 48 "cmap, trap, rolling boulder trap"
tile 49 "cmap, trap, sleeping gas trap"
tile 50 "cmap, trap, rust trap"
tile 51 "cmap, trap, fire trap"
tile 52 "cmap, trap, pit"
tile 53 "cmap, trap, spiked pit"
tile 54 "cmap, trap, hole"
tile 55 "cmap, trap, trap door"
tile 56 "cmap, trap, teleportation trap"
tile 57 "cmap, trap, level teleporter"
tile 58 "cmap, trap, magic portal"
tile 59 "cmap, trap, web"
tile 60 "cmap, trap, statue trap"
tile 61 "cmap, trap, magic trap"
tile 62 "cmap, trap, anti-magic field"
tile 63 "cmap, trap, polymorph trap"
tile 64 "cmap, effect, vertical beam"
tile 65 "cmap, effect, horizontal beam"
tile 66 "cmap, effect, left slant beam"
tile 67 "cmap, effect, right slant beam"
tile 68 "cmap, effect, dig beam"
tile 69 "cmap, effect, camera flash"
tile 70 "cmap, effect, thrown boomerang, open left"
tile 71 "cmap, effect, thrown boomerang, open right"
tile 72 "cmap, effect, magic shield 1"
tile 73 "cmap, effect, magic shield 2"
tile 74 "cmap, effect, magic shield 3"
tile 75 "cmap, effect, magic shield 4"
tile 76 "cmap, swallow, top left / monster, *, swallow, top left"
tile 77 "cmap, swallow, top center / monster, *, swallow, top center"
tile 78 "cmap, swallow, top right / monster, *, swallow, top right"
tile 79 "cmap, swallow, middle left / monster, *, swallow, middle left"
tile 80 "cmap, swallow, middle right / monster, *, swallow, middle right"
tile 81 "cmap, swallow, bottom left / monster, *, swallow, bottom left"
tile 82 "cmap, swallow, bottom center / monster, *, swallow, bottom center"
tile 83 "cmap, swallow, bottom right / monster, *, swallow, bottom right"
tile 84 "explosion, dark, top left"
tile 85 "explosion, dark, top center"
tile 86 "explosion, dark, top right"
tile 87 "explosion, dark, middle left"
tile 88 "explosion, dark, middle center"
tile 89 "explosion, dark, middle right"
tile 90 "explosion, dark, bottom left"
tile 91 "explosion, dark, bottom center"
tile 92 "explosion, dark, bottom right"
tile 93 "explosion, noxious, top left"
tile 94 "explosion, noxious, top center"
tile 95 "explosion, noxious, top right"
tile 96 "explosion, noxious, middle left"
tile 97 "explosion, noxious, middle center"
tile 98 "explosion, noxious, middle right"
tile 99 "explosion, noxious, bottom left"
tile 100 "explosion, noxious, bottom center"
tile 101 "explosion, noxious, bottom right"
tile 102 "explosion, muddy, top left"
tile 103 "explosion, muddy, top center"
tile 104 "explosion, muddy, top right"
tile 105 "explosion, muddy, middle left"
tile 106 "explosion, muddy, middle center"
tile 107 "explosion, muddy, middle right"
tile 108 "explosion, muddy, bottom left"
tile 109 "explosion, muddy, bottom center"
tile 110 "explosion, muddy, bottom right"
tile 111 "explosion, wet, top left"
tile 112 "explosion, wet, top center"
tile 113 "explosion, wet, top right"
tile 114 "explosion, wet, middle left"
tile 115 "explosion, wet, middle center"
tile 116 "explosion, wet, middle right"
tile 117 "explosion, wet, bottom left"
tile 118 "explosion, wet, bottom center"
tile 119 "explosion, wet, bottom right"
tile 120 "explosion, magical, top left"
tile 121 "explosion, magical, top center"
tile 122 "explosion, magical, top right"
tile 123 "explosion, magical, middle left"
tile 124 "explosion, magical, middle center"
tile 125 "explosion, magical, middle right"
tile 126 "explosion, magical, bottom left"
tile 127 "explosion, magical, bottom center"
tile 128 "explosion, magical, bottom right"
tile 129 "explosion, fiery, top left"
tile 130 "explosion, fiery, top center"
tile 131 "explosion, fiery, top right"
tile 132 "explosion, fiery, middle left"
tile 133 "explosion, fiery, middle center"
tile 134 "explosion, fiery, middle right"
tile 135 "explosion, fiery, bottom left"
tile 136 "explosion, fiery, bottom center"
tile 137 "explosion, fiery, bottom right"
tile 138 "explosion, frosty, top left"
tile 139 "explosion, frosty, top center"
tile 140 "explosion, frosty, top right"
tile 141 "explosion, frosty, middle left"
tile 142 "explosion, frosty, middle center"
tile 143 "explosion, frosty, middle right"
tile 144 "explosion, frosty, bottom left"
tile 145 "explosion, frosty, bottom center"
tile 146 "explosion, frosty, bottom right"
tile 147 "zap, magic missile, vertical"
tile 148 "zap, magic missile, horizontal"
tile 149 "zap, magic missile, left slant"
tile 150 "zap, magic missile, right slant"
tile 151 "zap, fire, vertical"
tile 152 "zap, fire, horizontal"
tile 153 "zap, fire, left slant"
tile 154 "zap, fire, right slant"
tile 155 "zap, cold, vertical"
tile 156 "zap, cold, horizontal"
tile 157 "zap, cold, left slant"
tile 158 "zap, cold, right slant"
tile 159 "zap, sleep, vertical"
tile 160 "zap, sleep, horizontal"
tile 161 "zap, sleep, left slant"
tile 162 "zap, sleep, right slant"
tile 163 "zap, death, vertical"
tile 164 "zap, death, horizontal"
tile 165 "zap, death, left slant"
tile 166 "zap, death, right slant"
tile 167 "zap, lightning, vertical"
tile 168 "zap, lightning, horizontal"
tile 169 "zap, lightning, left slant"
tile 170 "zap, lightning, right slant"
tile 171 "zap, poison gas, vertical"
tile 172 "zap, poison gas, horizontal"
tile 173 "zap, poison gas, left slant"
tile 174 "zap, poison gas, right slant"
tile 175 "zap, acid, vertical"
tile 176 "zap, acid, horizontal"
tile 177 "zap, acid, left slant"
tile 178 "zap, acid, right slant"
tile 179 "warning, 0"
tile 180 "warning, 1"
tile 181 "warning, 2"
tile 182 "warning, 3"
tile 183 "warning, 4"
tile 184 "warning, 5"
tile 185 "cmap, wall, vertical, mine"
tile 186 "cmap, wall, horizontal, mine"
tile 187 "cmap, wall, top left corner, mine"
tile 188 "cmap, wall, top right corner, mine"
tile 189 "cmap, wall, bottom left corner, mine"
tile 190 "cmap, wall, bottom right corner, mine"
tile 191 "cmap, wall, crosswall, mine"
tile 192 "cmap, wall, tee up, mine"
tile 193 "cmap, wall, tee down, mine"
tile 194 "cmap, wall, tee left, mine"
tile 195 "cmap, wall, tee right, mine"
tile 196 "cmap, wall, vertical, gehennom"
tile 197 "cmap, wall, horizontal, gehennom"
tile 198 "cmap, wall, top left corner, gehennom"
tile 199 "cmap, wall, top right corner, gehennom"
tile 200 "cmap, wall, bottom left corner, gehennom"
tile 201 "cmap, wall, bottom right corner, gehennom"
tile 202 "cmap, wall, crosswall, gehennom"
tile 203 "cmap, wall, tee up, gehennom"
tile 204 "cmap, wall, tee down, gehennom"
tile 205 "cmap, wall, tee left, gehennom"
tile 206 "cmap, wall, tee right, gehennom"
tile 207 "cmap, wall, vertical, knox"
tile 208 "cmap, wall, horizontal, knox"
tile 209 "cmap, wall, top left corner, knox"
tile 210 "cmap, wall, top right corner, knox"
tile 211 "cmap, wall, bottom left corner, knox"
tile 212 "cmap, wall, bottom right corner, knox"
tile 213 "cmap, wall, crosswall, knox"
tile 214 "cmap, wall, tee up, knox"
tile 215 "cmap, wall, tee down, knox"
tile 216 "cmap, wall, tee left, knox"
tile 217 "cmap, wall, tee right, knox"
tile 218 "cmap, wall, vertical, sokoban"
tile 219 "cmap, wall, horizontal, sokoban"
tile 220 "cmap, wall, top left corner, sokoban"
tile 221 "cmap, wall, top right corner, sokoban"
tile 222 "cmap, wall, bottom left corner, sokoban"
tile 223 "cmap, wall, bottom right corner, sokoban"
tile 224 "cmap, wall, crosswall, sokoban"
tile 225 "cmap, wall, tee up, sokoban"
tile 226 "cmap, wall, tee down, sokoban"
tile 227 "cmap, wall, tee left, sokoban"
tile 228 "cmap, wall, tee right, sokoban"
